abbonamenti                11 frammenti
assegno-unico              46 frammenti
calendario                118 frammenti
cargo                      97 frammenti
cerca                       5 frammenti
chi-siamo                   8 frammenti
community                  28 frammenti
conferma-newsletter         6 frammenti
contatti                    3 frammenti
cookie                     24 frammenti
cv-builder                 62 frammenti
dashboard                 103 frammenti
diritti-inps               29 frammenti
dizionario-medico         177 frammenti
documenti                  41 frammenti
mappa                       9 frammenti
news                      111 frammenti
note-legali                56 frammenti
opportunita                39 frammenti
percorso                   22 frammenti
permesso-tracker           50 frammenti
podcast                    50 frammenti
privacy                    84 frammenti
profili                    70 frammenti
registrati                 19 frammenti
rete                        1 frammenti
sponsorizza                46 frammenti
termini                    42 frammenti
traduci                    12 frammenti
travel-sri-lanka            7 frammenti
voli                       65 frammenti
--- 1441 frammenti in 31 pagine
